ls: cannot access /dev/mmcblk0*: No such file or directory
urepo:linux-xlnx.clone$ ls /dev/mmc*
ls: cannot access /dev/mmc*: No such file or directory
urepo:linux-xlnx.clone$ ls /dev/mmc*
/dev/mmcblk0  /dev/mmcblk0p1  /dev/mmcblk0p2
urepo:linux-xlnx.clone$ dd if=/dev/zero of=/dev/mmcblk0 bs=1024 count=1
dd: opening `/dev/mmcblk0': Permission denied
urepo:linux-xlnx.clone$ sudo dd if=/dev/zero of=/dev/mmcblk0 bs=1024 count=1
dd: opening `/dev/mmcblk0': Read-only file system
urepo:linux-xlnx.clone$ sudo dd if=/dev/zero of=/dev/mmcblk0 bs=1024 count=1
1+0 records in
1+0 records out
1024 bytes (1.0 kB) copied, 0.0949501 s, 10.8 kB/s
urepo:linux-xlnx.clone$ fdisk -l /dev/mmcblk0
Cannot open /dev/mmcblk0
urepo:linux-xlnx.clone$ sudo fdisk -l /dev/mmcblk0

Disk /dev/mmcblk0: 15.8 GB, 15819866112 bytes
4 heads, 16 sectors/track, 482784 cylinders, total 30898176 sectors
Units = sectors of 1 * 512 = 512 bytes
Sector size (logical/physical): 512 bytes / 512 bytes
I/O size (minimum/optimal): 512 bytes / 512 bytes
Disk identifier: 0x00000000

Disk /dev/mmcblk0 doesn't contain a valid partition table
urepo:linux-xlnx.clone$ 
urepo:linux-xlnx.clone$ sudo fdisk -l /dev/mmcblk0

Disk /dev/mmcblk0: 15.8 GB, 15819866112 bytes
4 heads, 16 sectors/track, 482784 cylinders, total 30898176 sectors
Units = sectors of 1 * 512 = 512 bytes
Sector size (logical/physical): 512 bytes / 512 bytes
I/O size (minimum/optimal): 512 bytes / 512 bytes
Disk identifier: 0x00000000

Disk /dev/mmcblk0 doesn't contain a valid partition table
urepo:linux-xlnx.clone$ fdisk /dev/mmcblk0
fdisk: unable to open /dev/mmcblk0: Permission denied
urepo:linux-xlnx.clone$ sudo fdisk /dev/mmcblk0
Device contains neither a valid DOS partition table, nor Sun, SGI or OSF disklabel
Building a new DOS disklabel with disk identifier 0xa4cdd6ed.
Changes will remain in memory only, until you decide to write them.
After that, of course, the previous content won't be recoverable.

Warning: invalid flag 0x0000 of partition table 4 will be corrected by w(rite)

Command (m for help): m
Command action
   a   toggle a bootable flag
   b   edit bsd disklabel
   c   toggle the dos compatibility flag
   d   delete a partition
   l   list known partition types
   m   print this menu
   n   add a new partition
   o   create a new empty DOS partition table
   p   print the partition table
   q   quit without saving changes
   s   create a new empty Sun disklabel
   t   change a partition's system id
   u   change display/entry units
   v   verify the partition table
   w   write table to disk and exit
   x   extra functionality (experts only)

Command (m for help): p

Disk /dev/mmcblk0: 15.8 GB, 15819866112 bytes
4 heads, 16 sectors/track, 482784 cylinders, total 30898176 sectors
Units = sectors of 1 * 512 = 512 bytes
Sector size (logical/physical): 512 bytes / 512 bytes
I/O size (minimum/optimal): 512 bytes / 512 bytes
Disk identifier: 0xa4cdd6ed

        Device Boot      Start         End      Blocks   Id  System

Command (m for help): n
Partition type:
   p   primary (0 primary, 0 extended, 4 free)
   e   extended
Select (default p): ^Curepo:linux-xlnx.clone$ 
urepo:linux-xlnx.clone$ 
urepo:linux-xlnx.clone$ sudo fdisk /dev/mmcblk0
Device contains neither a valid DOS partition table, nor Sun, SGI or OSF disklabel
Building a new DOS disklabel with disk identifier 0x0450b8a6.
Changes will remain in memory only, until you decide to write them.
After that, of course, the previous content won't be recoverable.

Warning: invalid flag 0x0000 of partition table 4 will be corrected by w(rite)

Command (m for help): x

Expert command (m for help): ^Curepo:linux-xlnx.clone$ sudo fdisk /dev/mmcblk0
Device contains neither a valid DOS partition table, nor Sun, SGI or OSF disklabel
Building a new DOS disklabel with disk identifier 0x784d32fc.
Changes will remain in memory only, until you decide to write them.
After that, of course, the previous content won't be recoverable.

Warning: invalid flag 0x0000 of partition table 4 will be corrected by w(rite)

Command (m for help): p

Disk /dev/mmcblk0: 15.8 GB, 15819866112 bytes
4 heads, 16 sectors/track, 482784 cylinders, total 30898176 sectors
Units = sectors of 1 * 512 = 512 bytes
Sector size (logical/physical): 512 bytes / 512 bytes
I/O size (minimum/optimal): 512 bytes / 512 bytes
Disk identifier: 0x784d32fc

        Device Boot      Start         End      Blocks   Id  System

Command (m for help): h
h: unknown command
Command action
   a   toggle a bootable flag
   b   edit bsd disklabel
   c   toggle the dos compatibility flag
   d   delete a partition
   l   list known partition types
   m   print this menu
   n   add a new partition
   o   create a new empty DOS partition table
   p   print the partition table
   q   quit without saving changes
   s   create a new empty Sun disklabel
   t   change a partition's system id
   u   change display/entry units
   v   verify the partition table
   w   write table to disk and exit
   x   extra functionality (experts only)

Command (m for help): x

Expert command (m for help): h
Number of heads (1-256, default 4): 255

Expert command (m for help): s
Number of sectors (1-63, default 16): 63

Expert command (m for help): c
Number of cylinders (1-1048576, default 482784): 1923

Expert command (m for help): r

Command (m for help): n
Partition type:
   p   primary (0 primary, 0 extended, 4 free)
   e   extended
Select (default p): p
Partition number (1-4, default 1): 1
First sector (2048-30898175, default 2048): 
Using default value 2048
Last sector, +sectors or +size{K,M,G} (2048-30898175, default 30898175): +200M

Command (m for help): n
Partition type:
   p   primary (1 primary, 0 extended, 3 free)
   e   extended
Select (default p): p
Partition number (1-4, default 2): 2
First sector (411648-30898175, default 411648): 
Using default value 411648
Last sector, +sectors or +size{K,M,G} (411648-30898175, default 30898175): 
Using default value 30898175

Command (m for help): a
Partition number (1-4): 1

Command (m for help): t
Partition number (1-4): 1
Hex code (type L to list codes): c
Changed system type of partition 1 to c (W95 FAT32 (LBA))

Command (m for help): t
Partition number (1-4): 2
Hex code (type L to list codes): 83

Command (m for help): p

Disk /dev/mmcblk0: 15.8 GB, 15819866112 bytes
255 heads, 63 sectors/track, 1923 cylinders, total 30898176 sectors
Units = sectors of 1 * 512 = 512 bytes
Sector size (logical/physical): 512 bytes / 512 bytes
I/O size (minimum/optimal): 512 bytes / 512 bytes
Disk identifier: 0x784d32fc

        Device Boot      Start         End      Blocks   Id  System
/dev/mmcblk0p1   *        2048      411647      204800    c  W95 FAT32 (LBA)
/dev/mmcblk0p2          411648    30898175    15243264   83  Linux

Command (m for help): w
The partition table has been altered!

Calling ioctl() to re-read partition table.

WARNING: If you have created or modified any DOS 6.x
partitions, please see the fdisk manual page for additional
information.
Syncing disks.
urepo:linux-xlnx.clone$ mkfs.vfat -F 32 -n boot /dev/mmcblk0
mmcblk0    mmcblk0p1  mmcblk0p2  
urepo:linux-xlnx.clone$ sudo mkfs.vfat -F 32 -n boot /dev/mmcblk0p1
mkfs.vfat 3.0.13 (30 Jun 2012)
urepo:linux-xlnx.clone$ sudo mkfs.ext4 -L root /dev/mmcblk0p2 
mke2fs 1.42.5 (29-Jul-2012)
Discarding device blocks: done                            
Filesystem label=root
OS type: Linux
Block size=4096 (log=2)
Fragment size=4096 (log=2)
Stride=0 blocks, Stripe width=0 blocks
952848 inodes, 3810816 blocks
190540 blocks (5.00%) reserved for the super user
First data block=0
Maximum filesystem blocks=3904897024
117 block groups
32768 blocks per group, 32768 fragments per group
8144 inodes per group
Superblock backups stored on blocks: 
	32768, 98304, 163840, 229376, 294912, 819200, 884736, 1605632, 2654208

Allocating group tables: done                            
Writing inode tables: done                            
Creating journal (32768 blocks): done
Writing superblocks and filesystem accounting information: done 


urepo:linux-xlnx.clone$ sudo mkdir -p /mnt/boot
urepo:linux-xlnx.clone$ sudo mount /dev/mmcblk0p1  /mnt/boot
urepo:linux-xlnx.clone$ ls /mnt/boot
urepo:linux-xlnx.clone$ sudo mkdir -p /mnt/i102-root
urepo:linux-xlnx.clone$ sudo mount /dev/mmcblk0p2 /mnt/i102-root/
